258:C/C++:  1248 |             if (LOGS_ENABLED) DEBUG_E("message_id %lld req_msg_id %lld connection(%p, account%u, dc%u, type %d) rpc error %d: %s", messageId, resultMid, connection, instanceNum, datacenter->getDatacenterId(), connection->getConnectionType(), error->error_code, error->error_message.c_str());
262:C/C++:  1248 |             if (LOGS_ENABLED) DEBUG_E("message_id %lld req_msg_id %lld connection(%p, account%u, dc%u, type %d) rpc error %d: %s", messageId, resultMid, connection, instanceNum, datacenter->getDatacenterId(), connection->getConnectionType(), error->error_code, error->error_message.c_str());
1103:C/C++:   321 |             throwNewJavaIllegalArgumentException(env, "Unknown data saving constant: " + dataSaving);
1106:C/C++:   321 |             throwNewJavaIllegalArgumentException(env, "Unknown data saving constant: " + dataSaving);
1217:R.raw.error — fps=60, frames=120, mono=false
1538:/home/runner/work/chihuahua-telegram/chihuahua-telegram/telegram/TMessagesProj/build/intermediates/packaged_res/release/packageReleaseResources/values/values.xml:6593:4: Multiple substitutions specified in non-positional format of string resource string/NotificationTopicExceptionsDesctription_one. Did you mean to add the formatted="false" attribute?
1539:/home/runner/work/chihuahua-telegram/chihuahua-telegram/telegram/TMessagesProj/build/intermediates/packaged_res/release/packageReleaseResources/values/values.xml:6594:4: Multiple substitutions specified in non-positional format of string resource string/NotificationTopicExceptionsDesctription_other. Did you mean to add the formatted="false" attribute?
