Customizing Telegram Desktop at D:\TBuild\tdesktop: name='Chihuahua 1' file=Chihuahua1 accounts=32 id={824AF98D-F66E-587C-B9C9-369BD541C361}
  ok  Telegram/SourceFiles/main/main_domain.h
  ok  Telegram/SourceFiles/core/version.h
  ok  Telegram/Resources/winrc/Telegram.rc
  ok  Telegram/SourceFiles/window/main_window.cpp
  ok  Telegram/SourceFiles/window/window_saved_windows.cpp
  ok  Telegram/SourceFiles/window/window_restore_shell.cpp
  ok  Telegram/SourceFiles/history/view/history_view_context_menu.cpp
  ok  Telegram/SourceFiles/history/view/history_view_context_menu.h
  ok  Telegram/SourceFiles/history/history_inner_widget.cpp
  ok  Telegram/SourceFiles/chihuahua_age.h (61 anchors)
  ok  Telegram/SourceFiles/info/profile/info_profile_actions.cpp
  ok  Telegram/SourceFiles/history/view/history_view_message.cpp
  ok  Telegram/SourceFiles/history/history_widget.cpp
  ok  Telegram/SourceFiles/data/data_channel.h
  ok  Telegram/SourceFiles/data/data_channel.cpp
  ok  Telegram/SourceFiles/history/view/history_view_top_bar_widget.h
  ok  Telegram/SourceFiles/history/view/history_view_top_bar_widget.cpp
  ok  Telegram/SourceFiles/window/window_peer_menu.cpp
  ok  Telegram/SourceFiles/settings/sections/settings_main.cpp
  ok  Telegram/SourceFiles/settings/sections/settings_information.cpp
  ok  18 icon files replaced

All desktop customizations applied.
